// Jest Snapshot v1, https://goo.gl/fbAQLP

exports[`<UserEditForm /> should save a snapshot of the component 1`] = `
<ScrollView
  contentContainerStyle={
    Object {
      "backgroundColor": "#ffffff",
      "flexGrow": 1,
      "justifyContent": "center",
    }
  }
>
  <Themed.Text
    h4={true}
    style={
      Object {
        "color": "#43484d",
        "paddingVertical": 8,
        "textAlign": "center",
      }
    }
  >
    Edit profile
  </Themed.Text>
  <UserProfileEdit
    goBack={[MockFunction]}
  />
  <Themed.Button
    onPress={[MockFunction]}
    title="Cancel"
    type="outline"
  />
</ScrollView>
`;
