// Jest Snapshot v1, https://goo.gl/fbAQLP

exports[`<RegisterScreen /> should save a snapshot of the component 1`] = `
<ScrollView
  contentContainerStyle={
    Object {
      "flexGrow": 1,
      "justifyContent": "center",
    }
  }
>
  <Themed.Text
    h3={true}
    style={
      Object {
        "color": "#43484d",
        "paddingVertical": 8,
        "textAlign": "center",
      }
    }
  >
    Get started
  </Themed.Text>
  <RegisterForm />
  <Themed.Button
    onPress={[Function]}
    title="Log in"
    type="outline"
  />
</ScrollView>
`;
