// Jest Snapshot v1, https://goo.gl/fbAQLP

exports[`<Loader /> should save a snapshot of the component 1`] = `
<Themed.Overlay
  isVisible={true}
  overlayStyle={
    Object {
      "backgroundColor": "transparent",
      "justifyContent": "center",
      "shadowColor": "transparent",
    }
  }
>
  <ActivityIndicator
    animating={true}
    color="#2089dc"
    hidesWhenStopped={true}
    size="large"
  />
</Themed.Overlay>
`;
